src/App.tsx(18,71): error TS2503: Cannot find namespace 'JSX'.
src/App.tsx(32,24): error TS2503: Cannot find namespace 'JSX'.
src/pages/ProfilePage.tsx(5,1): error TS6133: 'React' is declared but its value is never read.
src/pages/ProfilePage.tsx(9,32): error TS2503: Cannot find namespace 'JSX'.
src/test/contexts/AuthContext.test.tsx(9,46): error TS2307: Cannot find module './AuthContext' or its corresponding type declarations.
src/test/features/ActivityForm.test.tsx(8,30): error TS2307: Cannot find module './ActivityForm' or its corresponding type declarations.
src/test/features/FootprintChart.test.tsx(8,32): error TS2307: Cannot find module './FootprintChart' or its corresponding type declarations.
src/test/features/InsightCard.test.tsx(8,29): error TS2307: Cannot find module './InsightCard' or its corresponding type declarations.
src/test/hooks/useActivities.test.ts(8,32): error TS2307: Cannot find module '../.../../contexts/AuthContext' or its corresponding type declarations.
src/test/hooks/useActivities.test.ts(9,31): error TS2307: Cannot find module './useActivities' or its corresponding type declarations.
src/test/hooks/useActivities.test.ts(10,33): error TS2307: Cannot find module '../services' or its corresponding type declarations.
src/test/hooks/useAuth.test.ts(8,32): error TS2307: Cannot find module '../.../../contexts/AuthContext' or its corresponding type declarations.
src/test/hooks/useAuth.test.ts(9,25): error TS2307: Cannot find module './useAuth' or its corresponding type declarations.
src/test/hooks/useAuth.test.ts(10,47): error TS2307: Cannot find module '../services' or its corresponding type declarations.
src/test/hooks/useGeminiInsights.test.ts(8,35): error TS2307: Cannot find module './useGeminiInsights' or its corresponding type declarations.
src/test/hooks/useGeminiInsights.test.ts(9,31): error TS2307: Cannot find module '../services' or its corresponding type declarations.
src/test/layouts/AppLayout.test.tsx(9,27): error TS2307: Cannot find module './AppLayout' or its corresponding type declarations.
src/test/layouts/AppLayout.test.tsx(10,25): error TS2307: Cannot find module '../hooks' or its corresponding type declarations.
src/test/pages/AuthPage.test.tsx(9,26): error TS2307: Cannot find module './AuthPage' or its corresponding type declarations.
src/test/pages/AuthPage.test.tsx(10,25): error TS2307: Cannot find module '../hooks' or its corresponding type declarations.
src/test/pages/DashboardPage.test.tsx(9,31): error TS2307: Cannot find module './DashboardPage' or its corresponding type declarations.
src/test/pages/DashboardPage.test.tsx(10,59): error TS2307: Cannot find module '../hooks' or its corresponding type declarations.
src/test/services/activityService.test.ts(8,33): error TS2307: Cannot find module '../activityService' or its corresponding type declarations.
src/test/services/analyticsService.test.ts(8,34): error TS2307: Cannot find module './analyticsService' or its corresponding type declarations.
src/test/services/analyticsService.test.ts(9,25): error TS2307: Cannot find module '../config' or its corresponding type declarations.
src/test/services/authService.test.ts(8,29): error TS2307: Cannot find module '../authService' or its corresponding type declarations.
src/test/services/geminiService.test.ts(7,31): error TS2307: Cannot find module './geminiService' or its corresponding type declarations.
src/test/services/geminiService.test.ts(8,21): error TS2307: Cannot find module '../lib/env' or its corresponding type declarations.
src/test/ui/ui.test.tsx(8,24): error TS2307: Cannot find module './Button' or its corresponding type declarations.
src/test/ui/ui.test.tsx(9,57): error TS2307: Cannot find module './Card' or its corresponding type declarations.
src/test/ui/ui.test.tsx(10,23): error TS2307: Cannot find module './Input' or its corresponding type declarations.
src/test/ui/ui.test.tsx(11,27): error TS2307: Cannot find module './FormField' or its corresponding type declarations.
src/test/ui/ui.test.tsx(12,32): error TS2307: Cannot find module './LoadingSpinner' or its corresponding type declarations.
src/test/unit/App.test.tsx(8,21): error TS2307: Cannot find module './App' or its corresponding type declarations.
